// Jest Snapshot v1, https://goo.gl/fbAQLP

exports[`Renders correctly 1`] = `
<p
  className={undefined}
>
  a
</p>
`;
